Archive member included because of file (symbol)

c:/winavr-20090313/bin/../lib/gcc/avr/4.3.2/avr4\libgcc.a(_udivmodhi4.o)
                              uart.o (__udivmodhi4)
c:/winavr-20090313/bin/../lib/gcc/avr/4.3.2/avr4\libgcc.a(_udivmodsi4.o)
                              uart.o (__udivmodsi4)
c:/winavr-20090313/bin/../lib/gcc/avr/4.3.2/avr4\libgcc.a(_exit.o)
                              c:/winavr-20090313/bin/../lib/gcc/avr/4.3.2/../../../../avr/lib/avr4/crtm88.o (exit)
c:/winavr-20090313/bin/../lib/gcc/avr/4.3.2/avr4\libgcc.a(_copy_data.o)
                              mu2_control.o (__do_copy_data)
c:/winavr-20090313/bin/../lib/gcc/avr/4.3.2/avr4\libgcc.a(_clear_bss.o)
                              mu2_common.o (__do_clear_bss)

Allocating common symbols
Common symbol       size              file

__mu2_rts           0x2               mu2_common.o
__mu2_rx_buf        0x40              mu2_common.o
__mu2_tx_char       0x2               mu2_common.o
__mu2_mode          0x2               mu2_common.o
__mu2_cts           0x2               mu2_common.o
__mu2_prefix        0x3               mu2_common.o
__mu2_rx_char       0x2               mu2_common.o

Memory Configuration

Name             Origin             Length             Attributes
text             0x00000000         0x00002000         xr
data             0x00800060         0x0000ffa0         rw !x
eeprom           0x00810000         0x00010000         rw !x
fuse             0x00820000         0x00000400         rw !x
lock             0x00830000         0x00000400         rw !x
signature        0x00840000         0x00000400         rw !x
*default*        0x00000000         0xffffffff

Linker script and memory map

Address of section .data set to 0x800100
LOAD c:/winavr-20090313/bin/../lib/gcc/avr/4.3.2/../../../../avr/lib/avr4/crtm88.o
LOAD mu2_common.o
LOAD mu2_control.o
LOAD mu2_data.o
LOAD uart.o
LOAD nunchuk.o
LOAD nunchuk_main.o
LOAD c:/winavr-20090313/bin/../lib/gcc/avr/4.3.2/avr4\libgcc.a
LOAD c:/winavr-20090313/bin/../lib/gcc/avr/4.3.2/../../../../avr/lib/avr4\libc.a
LOAD c:/winavr-20090313/bin/../lib/gcc/avr/4.3.2/avr4\libgcc.a

.hash
 *(.hash)

.dynsym
 *(.dynsym)

.dynstr
 *(.dynstr)

.gnu.version
 *(.gnu.version)

.gnu.version_d
 *(.gnu.version_d)

.gnu.version_r
 *(.gnu.version_r)

.rel.init
 *(.rel.init)

.rela.init
 *(.rela.init)

.rel.text
 *(.rel.text)
 *(.rel.text.*)
 *(.rel.gnu.linkonce.t*)

.rela.text
 *(.rela.text)
 *(.rela.text.*)
 *(.rela.gnu.linkonce.t*)

.rel.fini
 *(.rel.fini)

.rela.fini
 *(.rela.fini)

.rel.rodata
 *(.rel.rodata)
 *(.rel.rodata.*)
 *(.rel.gnu.linkonce.r*)

.rela.rodata
 *(.rela.rodata)
 *(.rela.rodata.*)
 *(.rela.gnu.linkonce.r*)

.rel.data
 *(.rel.data)
 *(.rel.data.*)
 *(.rel.gnu.linkonce.d*)

.rela.data
 *(.rela.data)
 *(.rela.data.*)
 *(.rela.gnu.linkonce.d*)

.rel.ctors
 *(.rel.ctors)

.rela.ctors
 *(.rela.ctors)

.rel.dtors
 *(.rel.dtors)

.rela.dtors
 *(.rela.dtors)

.rel.got
 *(.rel.got)

.rela.got
 *(.rela.got)

.rel.bss
 *(.rel.bss)

.rela.bss
 *(.rela.bss)

.rel.plt
 *(.rel.plt)

.rela.plt
 *(.rela.plt)

.text           0x00000000      0xf6c
 *(.vectors)
 .vectors       0x00000000       0x34 c:/winavr-20090313/bin/../lib/gcc/avr/4.3.2/../../../../avr/lib/avr4/crtm88.o
                0x00000000                __vectors
                0x00000000                __vector_default
 *(.vectors)
 *(.progmem.gcc*)
 *(.progmem*)
                0x00000034                . = ALIGN (0x2)
                0x00000034                __trampolines_start = .
 *(.trampolines)
 .trampolines   0x00000034        0x0 linker stubs
 *(.trampolines*)
                0x00000034                __trampolines_end = .
 *(.jumptables)
 *(.jumptables*)
 *(.lowtext)
 *(.lowtext*)
                0x00000034                __ctors_start = .
 *(.ctors)
                0x00000034                __ctors_end = .
                0x00000034                __dtors_start = .
 *(.dtors)
                0x00000034                __dtors_end = .
 SORT(*)(.ctors)
 SORT(*)(.dtors)
 *(.init0)
 .init0         0x00000034        0x0 c:/winavr-20090313/bin/../lib/gcc/avr/4.3.2/../../../../avr/lib/avr4/crtm88.o
                0x00000034                __init
 *(.init0)
 *(.init1)
 *(.init1)
 *(.init2)
 .init2         0x00000034        0xc c:/winavr-20090313/bin/../lib/gcc/avr/4.3.2/../../../../avr/lib/avr4/crtm88.o
 *(.init2)
 *(.init3)
 *(.init3)
 *(.init4)
 .init4         0x00000040       0x16 c:/winavr-20090313/bin/../lib/gcc/avr/4.3.2/avr4\libgcc.a(_copy_data.o)
                0x00000040                __do_copy_data
 .init4         0x00000056       0x10 c:/winavr-20090313/bin/../lib/gcc/avr/4.3.2/avr4\libgcc.a(_clear_bss.o)
                0x00000056                __do_clear_bss
 *(.init4)
 *(.init5)
 *(.init5)
 *(.init6)
 *(.init6)
 *(.init7)
 *(.init7)
 *(.init8)
 *(.init8)
 *(.init9)
 .init9         0x00000066        0x4 c:/winavr-20090313/bin/../lib/gcc/avr/4.3.2/../../../../avr/lib/avr4/crtm88.o
 *(.init9)
 *(.text)
 .text          0x0000006a        0x2 c:/winavr-20090313/bin/../lib/gcc/avr/4.3.2/../../../../avr/lib/avr4/crtm88.o
                0x0000006a                __vector_22
                0x0000006a                __vector_1
                0x0000006a                __vector_24
                0x0000006a                __vector_12
                0x0000006a                __bad_interrupt
                0x0000006a                __vector_6
                0x0000006a                __vector_3
                0x0000006a                __vector_23
                0x0000006a                __vector_25
                0x0000006a                __vector_11
                0x0000006a                __vector_13
                0x0000006a                __vector_17
                0x0000006a                __vector_7
                0x0000006a                __vector_5
                0x0000006a                __vector_4
                0x0000006a                __vector_9
                0x0000006a                __vector_2
                0x0000006a                __vector_21
                0x0000006a                __vector_15
                0x0000006a                __vector_8
                0x0000006a                __vector_14
                0x0000006a                __vector_10
                0x0000006a                __vector_16
                0x0000006a                __vector_18
                0x0000006a                __vector_20
 .text          0x0000006c      0x340 mu2_common.o
                0x000002f2                MU2_Response
                0x000000ee                MU2_Str2Byte
                0x00000078                MU2_RxChar
                0x00000180                MU2_Str2Word
                0x00000084                MU2_SetTxHandler
                0x0000006c                MU2_TxChar
                0x000000ac                MU2_SetCtsHandler
                0x000000b6                MU2_Byte2Str
                0x00000114                MU2_Word2Str
                0x00000216                MU2_CheckCommand
                0x00000098                MU2_SetModeHandler
                0x0000008e                MU2_SetRxHandler
                0x0000023a                MU2_Command
                0x000000a2                MU2_SetRtsHandler
 .text          0x000003ac      0x276 mu2_control.o
                0x000003ac                MU2_SetChannel
                0x0000045c                MU2_SetEquipmentID
                0x000004b6                MU2_SetGroupID
                0x000005a0                MU2_SetUserID
                0x0000040c                MU2_SetDestID
                0x00000506                MU2_SetRoute
 .text          0x00000622       0xec mu2_data.o
                0x00000622                MU2_ReceiveData
                0x000006ac                MU2_SendData
 .text          0x0000070e      0x252 uart.o
                0x000008ae                uart_buf_putchar
                0x00000726                RingPut
                0x0000070e                RingInit
                0x00000772                RingGet
                0x00000870                uart_getchar
                0x000008e0                __vector_19
                0x000007cc                uart_init
                0x000007c4                isRingEmpty
                0x00000848                uart_setbuffer
                0x00000890                uart_putchar
 .text          0x00000960      0x4bc nunchuk.o
                0x00000a90                get_value
                0x00000bea                MakeRCData
                0x00000960                wait
                0x00000c7a                get_analog
                0x00000a10                set_controller
                0x00000998                error
                0x000009f4                setup
 .text          0x00000e1c       0xe0 nunchuk_main.o
                0x00000e1c                main
 .text          0x00000efc        0x0 c:/winavr-20090313/bin/../lib/gcc/avr/4.3.2/avr4\libgcc.a(_udivmodhi4.o)
 .text          0x00000efc        0x0 c:/winavr-20090313/bin/../lib/gcc/avr/4.3.2/avr4\libgcc.a(_udivmodsi4.o)
 .text          0x00000efc        0x0 c:/winavr-20090313/bin/../lib/gcc/avr/4.3.2/avr4\libgcc.a(_exit.o)
 .text          0x00000efc        0x0 c:/winavr-20090313/bin/../lib/gcc/avr/4.3.2/avr4\libgcc.a(_copy_data.o)
 .text          0x00000efc        0x0 c:/winavr-20090313/bin/../lib/gcc/avr/4.3.2/avr4\libgcc.a(_clear_bss.o)
                0x00000efc                . = ALIGN (0x2)
 *(.text.*)
 .text.libgcc   0x00000efc       0x28 c:/winavr-20090313/bin/../lib/gcc/avr/4.3.2/avr4\libgcc.a(_udivmodhi4.o)
                0x00000efc                __udivmodhi4
 .text.libgcc   0x00000f24       0x44 c:/winavr-20090313/bin/../lib/gcc/avr/4.3.2/avr4\libgcc.a(_udivmodsi4.o)
                0x00000f24                __udivmodsi4
 .text.libgcc   0x00000f68        0x0 c:/winavr-20090313/bin/../lib/gcc/avr/4.3.2/avr4\libgcc.a(_exit.o)
 .text.libgcc   0x00000f68        0x0 c:/winavr-20090313/bin/../lib/gcc/avr/4.3.2/avr4\libgcc.a(_copy_data.o)
 .text.libgcc   0x00000f68        0x0 c:/winavr-20090313/bin/../lib/gcc/avr/4.3.2/avr4\libgcc.a(_clear_bss.o)
                0x00000f68                . = ALIGN (0x2)
 *(.fini9)
 .fini9         0x00000f68        0x0 c:/winavr-20090313/bin/../lib/gcc/avr/4.3.2/avr4\libgcc.a(_exit.o)
                0x00000f68                exit
                0x00000f68                _exit
 *(.fini9)
 *(.fini8)
 *(.fini8)
 *(.fini7)
 *(.fini7)
 *(.fini6)
 *(.fini6)
 *(.fini5)
 *(.fini5)
 *(.fini4)
 *(.fini4)
 *(.fini3)
 *(.fini3)
 *(.fini2)
 *(.fini2)
 *(.fini1)
 *(.fini1)
 *(.fini0)
 .fini0         0x00000f68        0x4 c:/winavr-20090313/bin/../lib/gcc/avr/4.3.2/avr4\libgcc.a(_exit.o)
 *(.fini0)
                0x00000f6c                _etext = .

.data           0x00800100       0x28 load address 0x00000f6c
                0x00800100                PROVIDE (__data_start, .)
 *(.data)
 .data          0x00800100        0x0 c:/winavr-20090313/bin/../lib/gcc/avr/4.3.2/../../../../avr/lib/avr4/crtm88.o
 .data          0x00800100        0x0 mu2_common.o
 .data          0x00800100       0x12 mu2_control.o
 .data          0x00800112        0x6 mu2_data.o
 .data          0x00800118        0x0 uart.o
 .data          0x00800118        0x0 nunchuk.o
 .data          0x00800118       0x10 nunchuk_main.o
 .data          0x00800128        0x0 c:/winavr-20090313/bin/../lib/gcc/avr/4.3.2/avr4\libgcc.a(_udivmodhi4.o)
 .data          0x00800128        0x0 c:/winavr-20090313/bin/../lib/gcc/avr/4.3.2/avr4\libgcc.a(_udivmodsi4.o)
 .data          0x00800128        0x0 c:/winavr-20090313/bin/../lib/gcc/avr/4.3.2/avr4\libgcc.a(_exit.o)
 .data          0x00800128        0x0 c:/winavr-20090313/bin/../lib/gcc/avr/4.3.2/avr4\libgcc.a(_copy_data.o)
 .data          0x00800128        0x0 c:/winavr-20090313/bin/../lib/gcc/avr/4.3.2/avr4\libgcc.a(_clear_bss.o)
 *(.data*)
 *(.rodata)
 *(.rodata*)
 *(.gnu.linkonce.d*)
                0x00800128                . = ALIGN (0x2)
                0x00800128                _edata = .
                0x00800128                PROVIDE (__data_end, .)

.bss            0x00800128       0x57
                0x00800128                PROVIDE (__bss_start, .)
 *(.bss)
 .bss           0x00800128        0x0 c:/winavr-20090313/bin/../lib/gcc/avr/4.3.2/../../../../avr/lib/avr4/crtm88.o
 .bss           0x00800128        0x0 mu2_common.o
 .bss           0x00800128        0x0 mu2_control.o
 .bss           0x00800128        0x0 mu2_data.o
 .bss           0x00800128        0xa uart.o
 .bss           0x00800132        0x0 nunchuk.o
 .bss           0x00800132        0x0 nunchuk_main.o
 .bss           0x00800132        0x0 c:/winavr-20090313/bin/../lib/gcc/avr/4.3.2/avr4\libgcc.a(_udivmodhi4.o)
 .bss           0x00800132        0x0 c:/winavr-20090313/bin/../lib/gcc/avr/4.3.2/avr4\libgcc.a(_udivmodsi4.o)
 .bss           0x00800132        0x0 c:/winavr-20090313/bin/../lib/gcc/avr/4.3.2/avr4\libgcc.a(_exit.o)
 .bss           0x00800132        0x0 c:/winavr-20090313/bin/../lib/gcc/avr/4.3.2/avr4\libgcc.a(_copy_data.o)
 .bss           0x00800132        0x0 c:/winavr-20090313/bin/../lib/gcc/avr/4.3.2/avr4\libgcc.a(_clear_bss.o)
 *(.bss*)
 *(COMMON)
 COMMON         0x00800132       0x4d mu2_common.o
                0x00800132                __mu2_rts
                0x00800134                __mu2_rx_buf
                0x00800174                __mu2_tx_char
                0x00800176                __mu2_mode
                0x00800178                __mu2_cts
                0x0080017a                __mu2_prefix
                0x0080017d                __mu2_rx_char
                0x0080017f                PROVIDE (__bss_end, .)
                0x00000f6c                __data_load_start = LOADADDR (.data)
                0x00000f94                __data_load_end = (__data_load_start + SIZEOF (.data))

.noinit         0x0080017f        0x0
                0x0080017f                PROVIDE (__noinit_start, .)
 *(.noinit*)
                0x0080017f                PROVIDE (__noinit_end, .)
                0x0080017f                _end = .
                0x0080017f                PROVIDE (__heap_start, .)

.eeprom         0x00810000        0x0
 *(.eeprom*)
                0x00810000                __eeprom_end = .

.fuse
 *(.fuse)
 *(.lfuse)
 *(.hfuse)
 *(.efuse)

.lock
 *(.lock*)

.signature
 *(.signature*)

.stab
 *(.stab)

.stabstr
 *(.stabstr)

.stab.excl
 *(.stab.excl)

.stab.exclstr
 *(.stab.exclstr)

.stab.index
 *(.stab.index)

.stab.indexstr
 *(.stab.indexstr)

.comment
 *(.comment)

.debug
 *(.debug)

.line
 *(.line)

.debug_srcinfo
 *(.debug_srcinfo)

.debug_sfnames
 *(.debug_sfnames)

.debug_aranges  0x00000000       0xc0
 *(.debug_aranges)
 .debug_aranges
                0x00000000       0x20 mu2_common.o
 .debug_aranges
                0x00000020       0x20 mu2_control.o
 .debug_aranges
                0x00000040       0x20 mu2_data.o
 .debug_aranges
                0x00000060       0x20 uart.o
 .debug_aranges
                0x00000080       0x20 nunchuk.o
 .debug_aranges
                0x000000a0       0x20 nunchuk_main.o

.debug_pubnames
                0x00000000      0x37b
 *(.debug_pubnames)
 .debug_pubnames
                0x00000000      0x188 mu2_common.o
 .debug_pubnames
                0x00000188       0x84 mu2_control.o
 .debug_pubnames
                0x0000020c       0x37 mu2_data.o
 .debug_pubnames
                0x00000243       0xaf uart.o
 .debug_pubnames
                0x000002f2       0x6e nunchuk.o
 .debug_pubnames
                0x00000360       0x1b nunchuk_main.o

.debug_info     0x00000000     0x13f8
 *(.debug_info)
 .debug_info    0x00000000      0x557 mu2_common.o
 .debug_info    0x00000557      0x223 mu2_control.o
 .debug_info    0x0000077a      0x142 mu2_data.o
 .debug_info    0x000008bc      0x35b uart.o
 .debug_info    0x00000c17      0x502 nunchuk.o
 .debug_info    0x00001119      0x2df nunchuk_main.o
 *(.gnu.linkonce.wi.*)

.debug_abbrev   0x00000000      0x718
 *(.debug_abbrev)
 .debug_abbrev  0x00000000      0x154 mu2_common.o
 .debug_abbrev  0x00000154       0xb4 mu2_control.o
 .debug_abbrev  0x00000208       0xd9 mu2_data.o
 .debug_abbrev  0x000002e1      0x160 uart.o
 .debug_abbrev  0x00000441      0x209 nunchuk.o
 .debug_abbrev  0x0000064a       0xce nunchuk_main.o

.debug_line     0x00000000      0xe8f
 *(.debug_line)
 .debug_line    0x00000000      0x313 mu2_common.o
 .debug_line    0x00000313      0x193 mu2_control.o
 .debug_line    0x000004a6      0x120 mu2_data.o
 .debug_line    0x000005c6      0x26d uart.o
 .debug_line    0x00000833      0x546 nunchuk.o
 .debug_line    0x00000d79      0x116 nunchuk_main.o

.debug_frame    0x00000000      0x2e0
 *(.debug_frame)
 .debug_frame   0x00000000       0xf0 mu2_common.o
 .debug_frame   0x000000f0       0x70 mu2_control.o
 .debug_frame   0x00000160       0x30 mu2_data.o
 .debug_frame   0x00000190       0xb0 uart.o
 .debug_frame   0x00000240       0x80 nunchuk.o
 .debug_frame   0x000002c0       0x20 nunchuk_main.o

.debug_str      0x00000000      0x4da
 *(.debug_str)
 .debug_str     0x00000000      0x1f7 mu2_common.o
                                0x209 (size before relaxing)
 .debug_str     0x000001f7       0x8e mu2_control.o
                                0x12e (size before relaxing)
 .debug_str     0x00000285       0x34 mu2_data.o
                                 0xc0 (size before relaxing)
 .debug_str     0x000002b9       0xed uart.o
                                0x199 (size before relaxing)
 .debug_str     0x000003a6      0x10d nunchuk.o
                                0x1eb (size before relaxing)
 .debug_str     0x000004b3       0x27 nunchuk_main.o
                                0x162 (size before relaxing)

.debug_loc      0x00000000      0x975
 *(.debug_loc)
 .debug_loc     0x00000000      0x36d mu2_common.o
 .debug_loc     0x0000036d      0x145 mu2_control.o
 .debug_loc     0x000004b2       0xef mu2_data.o
 .debug_loc     0x000005a1      0x1fc uart.o
 .debug_loc     0x0000079d      0x1d8 nunchuk.o

.debug_macinfo
 *(.debug_macinfo)
OUTPUT(MU2-Wii_NunchukVer.elf elf32-avr)
LOAD linker stubs

.debug_ranges   0x00000000       0x30
 .debug_ranges  0x00000000       0x30 nunchuk.o
