Archive member included because of file (symbol)

c:/winavr-20100110/bin/../lib/gcc/avr/4.3.3/avr51\libgcc.a(_udivmodqi4.o)
                              usb_new.o (__udivmodqi4)
c:/winavr-20100110/bin/../lib/gcc/avr/4.3.3/avr51\libgcc.a(_udivmodsi4.o)
                              printf.o (__udivmodsi4)
c:/winavr-20100110/bin/../lib/gcc/avr/4.3.3/avr51\libgcc.a(_exit.o)
                              c:/winavr-20100110/bin/../lib/gcc/avr/4.3.3/../../../../avr/lib/avr51/crtm128.o (exit)
c:/winavr-20100110/bin/../lib/gcc/avr/4.3.3/avr51\libgcc.a(_clear_bss.o)
                              usb_new.o (__do_clear_bss)

Allocating common symbols
Common symbol       size              file

dev                 0x2f              usb_new.o
txdata              0x2               usb_new.o
__mu2_rx_buf        0x40              mu2.o
sixaxis             0x2               usb_new.o
__sl811_addr        0x2               usb_new.o
__mu2_tx_char       0x2               mu2.o
TxDataBuf           0x10              usb_new.o
__mu2_prefix        0x3               mu2.o
__sl811_data        0x2               usb_new.o
__mu2_rx_char       0x2               mu2.o
config              0x9               usb_new.o

Memory Configuration

Name             Origin             Length             Attributes
text             0x00000000         0x00020000         xr
data             0x00800060         0x0000ffa0         rw !x
eeprom           0x00810000         0x00010000         rw !x
fuse             0x00820000         0x00000400         rw !x
lock             0x00830000         0x00000400         rw !x
signature        0x00840000         0x00000400         rw !x
*default*        0x00000000         0xffffffff

Linker script and memory map

Address of section .data set to 0x800100
LOAD c:/winavr-20100110/bin/../lib/gcc/avr/4.3.3/../../../../avr/lib/avr51/crtm128.o
LOAD usb_new.o
LOAD printf.o
LOAD uart.o
LOAD mu2.o
LOAD c:/winavr-20100110/bin/../lib/gcc/avr/4.3.3/avr51\libgcc.a
LOAD c:/winavr-20100110/bin/../lib/gcc/avr/4.3.3/../../../../avr/lib/avr51\libc.a
LOAD c:/winavr-20100110/bin/../lib/gcc/avr/4.3.3/avr51\libgcc.a

.hash
 *(.hash)

.dynsym
 *(.dynsym)

.dynstr
 *(.dynstr)

.gnu.version
 *(.gnu.version)

.gnu.version_d
 *(.gnu.version_d)

.gnu.version_r
 *(.gnu.version_r)

.rel.init
 *(.rel.init)

.rela.init
 *(.rela.init)

.rel.text
 *(.rel.text)
 *(.rel.text.*)
 *(.rel.gnu.linkonce.t*)

.rela.text
 *(.rela.text)
 *(.rela.text.*)
 *(.rela.gnu.linkonce.t*)

.rel.fini
 *(.rel.fini)

.rela.fini
 *(.rela.fini)

.rel.rodata
 *(.rel.rodata)
 *(.rel.rodata.*)
 *(.rel.gnu.linkonce.r*)

.rela.rodata
 *(.rela.rodata)
 *(.rela.rodata.*)
 *(.rela.gnu.linkonce.r*)

.rel.data
 *(.rel.data)
 *(.rel.data.*)
 *(.rel.gnu.linkonce.d*)

.rela.data
 *(.rela.data)
 *(.rela.data.*)
 *(.rela.gnu.linkonce.d*)

.rel.ctors
 *(.rel.ctors)

.rela.ctors
 *(.rela.ctors)

.rel.dtors
 *(.rel.dtors)

.rela.dtors
 *(.rela.dtors)

.rel.got
 *(.rel.got)

.rela.got
 *(.rela.got)

.rel.bss
 *(.rel.bss)

.rela.bss
 *(.rela.bss)

.rel.plt
 *(.rel.plt)

.rela.plt
 *(.rela.plt)

.text           0x00000000     0x2574
 *(.vectors)
 .vectors       0x00000000       0x8c c:/winavr-20100110/bin/../lib/gcc/avr/4.3.3/../../../../avr/lib/avr51/crtm128.o
                0x00000000                __vectors
                0x00000000                __vector_default
 *(.vectors)
 *(.progmem.gcc*)
 *(.progmem*)
                0x0000008c                . = ALIGN (0x2)
                0x0000008c                __trampolines_start = .
 *(.trampolines)
 .trampolines   0x0000008c        0x0 linker stubs
 *(.trampolines*)
                0x0000008c                __trampolines_end = .
 *(.jumptables)
 *(.jumptables*)
 *(.lowtext)
 *(.lowtext*)
                0x0000008c                __ctors_start = .
 *(.ctors)
                0x0000008c                __ctors_end = .
                0x0000008c                __dtors_start = .
 *(.dtors)
                0x0000008c                __dtors_end = .
 SORT(*)(.ctors)
 SORT(*)(.dtors)
 *(.init0)
 .init0         0x0000008c        0x0 c:/winavr-20100110/bin/../lib/gcc/avr/4.3.3/../../../../avr/lib/avr51/crtm128.o
                0x0000008c                __init
 *(.init0)
 *(.init1)
 *(.init1)
 *(.init2)
 .init2         0x0000008c        0xc c:/winavr-20100110/bin/../lib/gcc/avr/4.3.3/../../../../avr/lib/avr51/crtm128.o
 *(.init2)
 *(.init3)
 *(.init3)
 *(.init4)
 .init4         0x00000098       0x1a c:/winavr-20100110/bin/../lib/gcc/avr/4.3.3/../../../../avr/lib/avr51/crtm128.o
                0x00000098                __do_copy_data
 .init4         0x000000b2       0x10 c:/winavr-20100110/bin/../lib/gcc/avr/4.3.3/avr51\libgcc.a(_clear_bss.o)
                0x000000b2                __do_clear_bss
 *(.init4)
 *(.init5)
 *(.init5)
 *(.init6)
 *(.init6)
 *(.init7)
 *(.init7)
 *(.init8)
 *(.init8)
 *(.init9)
 .init9         0x000000c2        0x8 c:/winavr-20100110/bin/../lib/gcc/avr/4.3.3/../../../../avr/lib/avr51/crtm128.o
 *(.init9)
 *(.text)
 .text          0x000000ca        0x4 c:/winavr-20100110/bin/../lib/gcc/avr/4.3.3/../../../../avr/lib/avr51/crtm128.o
                0x000000ca                __vector_22
                0x000000ca                __vector_28
                0x000000ca                __vector_1
                0x000000ca                __vector_32
                0x000000ca                __vector_34
                0x000000ca                __vector_24
                0x000000ca                __vector_12
                0x000000ca                __bad_interrupt
                0x000000ca                __vector_6
                0x000000ca                __vector_3
                0x000000ca                __vector_23
                0x000000ca                __vector_30
                0x000000ca                __vector_25
                0x000000ca                __vector_11
                0x000000ca                __vector_13
                0x000000ca                __vector_17
                0x000000ca                __vector_7
                0x000000ca                __vector_27
                0x000000ca                __vector_5
                0x000000ca                __vector_33
                0x000000ca                __vector_4
                0x000000ca                __vector_9
                0x000000ca                __vector_2
                0x000000ca                __vector_21
                0x000000ca                __vector_15
                0x000000ca                __vector_29
                0x000000ca                __vector_8
                0x000000ca                __vector_26
                0x000000ca                __vector_14
                0x000000ca                __vector_10
                0x000000ca                __vector_16
                0x000000ca                __vector_18
                0x000000ca                __vector_20
 .text          0x000000ce     0x143c usb_new.o
                0x0000090e                USBIntTxManagerInit
                0x00000a22                CtrlTransfer
                0x000001d8                SL811WriteData
                0x000003dc                SL811ReadData
                0x000008c6                SL811USBInit
                0x00000efc                IntInTransfer
                0x0000011c                sl811_read
                0x00000da2                USBAddIntTxTask
                0x0000019c                sl811_buf_write
                0x00000f28                Toggle_SIXAXIS_Buffer
                0x00000f44                Toggle_RC_Tx_Buffer
                0x000000e6                mem_init
                0x0000013e                sl811_write
                0x00000160                sl811_buf_read
                0x00000b16                Set_Configuration
                0x00000b10                SL811SetAddress
                0x000008ec                USBInit
                0x00000a2c                Get_Descriptor
                0x00000a9a                Set_Address
                0x00000d44                Get_Report
                0x000013f4                main
                0x00000924                SL811DeviceInit
                0x00000f70                controler_main_process_loop
                0x00000e7c                Sony_SIXAXIS_Init
                0x0000060e                SL811USBReset
                0x00000b5c                Get_Configuration
                0x00000ba6                USBDeviceInit_in3
                0x00000102                sl811_init
                0x00000eee                SL811IntInTransfer
                0x0000085c                sl811_regtest
                0x000000ce                initialize
                0x00000948                SL811CtrlTransfer
 .text          0x0000150a      0x7be printf.o
                0x00001514                __printf
                0x0000150a                set_printf_output
 .text          0x00001cc8      0x452 uart.o
                0x00002090                __vector_31
                0x00001ce0                RingPut
                0x00001cc8                RingInit
                0x00001d50                RingGet
                0x00002018                __vector_19
                0x00001dd8                uart_init
                0x00001f2a                uart0_getchar
                0x00001f7c                uart0_buf_putchar
                0x00001dd0                isRingEmpty
                0x00001f42                uart1_putchar
                0x00001fc6                uart1_buf_putchar
                0x00001f34                uart0_putchar
                0x00001efa                uart_setbuffer
 .text          0x0000211a      0x3fa mu2.o
                0x00002210                MU2_Response
                0x0000246c                MU2_SendDataBus
                0x000023e2                MU2_SetChannel
                0x0000213a                MU2_RxChar
                0x0000211a                MU2_SetTxHandler
                0x0000212e                MU2_TxChar
                0x00002430                MU2_SetGroupID
                0x00002332                MU2_ReceiveData
                0x0000217e                MU2_CheckCommand
                0x00002124                MU2_SetRxHandler
                0x000021a2                MU2_Command
                0x00002296                MU2_SendData
 .text          0x00002514        0x0 c:/winavr-20100110/bin/../lib/gcc/avr/4.3.3/avr51\libgcc.a(_udivmodqi4.o)
 .text          0x00002514        0x0 c:/winavr-20100110/bin/../lib/gcc/avr/4.3.3/avr51\libgcc.a(_udivmodsi4.o)
 .text          0x00002514        0x0 c:/winavr-20100110/bin/../lib/gcc/avr/4.3.3/avr51\libgcc.a(_exit.o)
 .text          0x00002514        0x0 c:/winavr-20100110/bin/../lib/gcc/avr/4.3.3/avr51\libgcc.a(_clear_bss.o)
                0x00002514                . = ALIGN (0x2)
 *(.text.*)
 .text.libgcc   0x00002514       0x18 c:/winavr-20100110/bin/../lib/gcc/avr/4.3.3/avr51\libgcc.a(_udivmodqi4.o)
                0x00002514                __udivmodqi4
 .text.libgcc   0x0000252c       0x44 c:/winavr-20100110/bin/../lib/gcc/avr/4.3.3/avr51\libgcc.a(_udivmodsi4.o)
                0x0000252c                __udivmodsi4
 .text.libgcc   0x00002570        0x0 c:/winavr-20100110/bin/../lib/gcc/avr/4.3.3/avr51\libgcc.a(_exit.o)
 .text.libgcc   0x00002570        0x0 c:/winavr-20100110/bin/../lib/gcc/avr/4.3.3/avr51\libgcc.a(_clear_bss.o)
                0x00002570                . = ALIGN (0x2)
 *(.fini9)
 .fini9         0x00002570        0x0 c:/winavr-20100110/bin/../lib/gcc/avr/4.3.3/avr51\libgcc.a(_exit.o)
                0x00002570                exit
                0x00002570                _exit
 *(.fini9)
 *(.fini8)
 *(.fini8)
 *(.fini7)
 *(.fini7)
 *(.fini6)
 *(.fini6)
 *(.fini5)
 *(.fini5)
 *(.fini4)
 *(.fini4)
 *(.fini3)
 *(.fini3)
 *(.fini2)
 *(.fini2)
 *(.fini1)
 *(.fini1)
 *(.fini0)
 .fini0         0x00002570        0x4 c:/winavr-20100110/bin/../lib/gcc/avr/4.3.3/avr51\libgcc.a(_exit.o)
 *(.fini0)
                0x00002574                _etext = .

.data           0x00800100       0x26 load address 0x00002574
                0x00800100                PROVIDE (__data_start, .)
 *(.data)
 .data          0x00800100        0x0 c:/winavr-20100110/bin/../lib/gcc/avr/4.3.3/../../../../avr/lib/avr51/crtm128.o
 .data          0x00800100       0x14 usb_new.o
                0x00800104                Channel
                0x00800100                Group
 .data          0x00800114        0xc printf.o
 .data          0x00800120        0x0 uart.o
 .data          0x00800120        0x6 mu2.o
 .data          0x00800126        0x0 c:/winavr-20100110/bin/../lib/gcc/avr/4.3.3/avr51\libgcc.a(_udivmodqi4.o)
 .data          0x00800126        0x0 c:/winavr-20100110/bin/../lib/gcc/avr/4.3.3/avr51\libgcc.a(_udivmodsi4.o)
 .data          0x00800126        0x0 c:/winavr-20100110/bin/../lib/gcc/avr/4.3.3/avr51\libgcc.a(_exit.o)
 .data          0x00800126        0x0 c:/winavr-20100110/bin/../lib/gcc/avr/4.3.3/avr51\libgcc.a(_clear_bss.o)
 *(.data*)
 *(.rodata)
 *(.rodata*)
 *(.gnu.linkonce.d*)
                0x00800126                . = ALIGN (0x2)
                0x00800126                _edata = .
                0x00800126                PROVIDE (__data_end, .)

.bss            0x00800126      0x201
                0x00800126                PROVIDE (__bss_start, .)
 *(.bss)
 .bss           0x00800126        0x0 c:/winavr-20100110/bin/../lib/gcc/avr/4.3.3/../../../../avr/lib/avr51/crtm128.o
 .bss           0x00800126      0x112 usb_new.o
 .bss           0x00800238        0x2 printf.o
 .bss           0x0080023a       0x13 uart.o
 .bss           0x0080024d       0x43 mu2.o
 .bss           0x00800290        0x0 c:/winavr-20100110/bin/../lib/gcc/avr/4.3.3/avr51\libgcc.a(_udivmodqi4.o)
 .bss           0x00800290        0x0 c:/winavr-20100110/bin/../lib/gcc/avr/4.3.3/avr51\libgcc.a(_udivmodsi4.o)
 .bss           0x00800290        0x0 c:/winavr-20100110/bin/../lib/gcc/avr/4.3.3/avr51\libgcc.a(_exit.o)
 .bss           0x00800290        0x0 c:/winavr-20100110/bin/../lib/gcc/avr/4.3.3/avr51\libgcc.a(_clear_bss.o)
 *(.bss*)
 *(COMMON)
 COMMON         0x00800290       0x50 usb_new.o
                0x00800290                dev
                0x008002bf                txdata
                0x008002c1                sixaxis
                0x008002c3                __sl811_addr
                0x008002c5                TxDataBuf
                0x008002d5                __sl811_data
                0x008002d7                config
 COMMON         0x008002e0       0x47 mu2.o
                0x008002e0                __mu2_rx_buf
                0x00800320                __mu2_tx_char
                0x00800322                __mu2_prefix
                0x00800325                __mu2_rx_char
                0x00800327                PROVIDE (__bss_end, .)
                0x00002574                __data_load_start = LOADADDR (.data)
                0x0000259a                __data_load_end = (__data_load_start + SIZEOF (.data))

.noinit         0x00800327        0x0
                0x00800327                PROVIDE (__noinit_start, .)
 *(.noinit*)
                0x00800327                PROVIDE (__noinit_end, .)
                0x00800327                _end = .
                0x00800327                PROVIDE (__heap_start, .)

.eeprom         0x00810000        0x0
 *(.eeprom*)
                0x00810000                __eeprom_end = .

.fuse
 *(.fuse)
 *(.lfuse)
 *(.hfuse)
 *(.efuse)

.lock
 *(.lock*)

.signature
 *(.signature*)

.stab
 *(.stab)

.stabstr
 *(.stabstr)

.stab.excl
 *(.stab.excl)

.stab.exclstr
 *(.stab.exclstr)

.stab.index
 *(.stab.index)

.stab.indexstr
 *(.stab.indexstr)

.comment
 *(.comment)

.debug
 *(.debug)

.line
 *(.line)

.debug_srcinfo
 *(.debug_srcinfo)

.debug_sfnames
 *(.debug_sfnames)

.debug_aranges  0x00000000       0x80
 *(.debug_aranges)
 .debug_aranges
                0x00000000       0x20 usb_new.o
 .debug_aranges
                0x00000020       0x20 printf.o
 .debug_aranges
                0x00000040       0x20 uart.o
 .debug_aranges
                0x00000060       0x20 mu2.o

.debug_pubnames
                0x00000000      0x536
 *(.debug_pubnames)
 .debug_pubnames
                0x00000000      0x2e2 usb_new.o
 .debug_pubnames
                0x000002e2       0x35 printf.o
 .debug_pubnames
                0x00000317       0xea uart.o
 .debug_pubnames
                0x00000401      0x135 mu2.o

.debug_info     0x00000000     0x3c43
 *(.debug_info)
 .debug_info    0x00000000     0x2f3d usb_new.o
 .debug_info    0x00002f3d      0x260 printf.o
 .debug_info    0x0000319d      0x435 uart.o
 .debug_info    0x000035d2      0x671 mu2.o
 *(.gnu.linkonce.wi.*)

.debug_abbrev   0x00000000      0x946
 *(.debug_abbrev)
 .debug_abbrev  0x00000000      0x469 usb_new.o
 .debug_abbrev  0x00000469      0x165 printf.o
 .debug_abbrev  0x000005ce      0x1ac uart.o
 .debug_abbrev  0x0000077a      0x1cc mu2.o

.debug_line     0x00000000     0x1f75
 *(.debug_line)
 .debug_line    0x00000000     0x1509 usb_new.o
 .debug_line    0x00001509      0x3c5 printf.o
 .debug_line    0x000018ce      0x3c6 uart.o
 .debug_line    0x00001c94      0x2e1 mu2.o

.debug_frame    0x00000000      0x410
 *(.debug_frame)
 .debug_frame   0x00000000      0x220 usb_new.o
 .debug_frame   0x00000220       0x30 printf.o
 .debug_frame   0x00000250       0xe0 uart.o
 .debug_frame   0x00000330       0xe0 mu2.o

.debug_str      0x00000000      0xb8c
 *(.debug_str)
 .debug_str     0x00000000      0x874 usb_new.o
                                0x930 (size before relaxing)
 .debug_str     0x00000874       0xd9 printf.o
                                0x178 (size before relaxing)
 .debug_str     0x0000094d      0x109 uart.o
                                0x1cf (size before relaxing)
 .debug_str     0x00000a56      0x136 mu2.o
                                0x18c (size before relaxing)

.debug_loc      0x00000000     0x239f
 *(.debug_loc)
 .debug_loc     0x00000000     0x1462 usb_new.o
 .debug_loc     0x00001462      0x950 printf.o
 .debug_loc     0x00001db2      0x2e1 uart.o
 .debug_loc     0x00002093      0x30c mu2.o

.debug_macinfo
 *(.debug_macinfo)
OUTPUT(usb_new.elf elf32-avr)
LOAD linker stubs

.debug_ranges   0x00000000      0x5e8
 .debug_ranges  0x00000000      0x5e8 usb_new.o
