Archive member included because of file (symbol)

c:/winavr-20100110/bin/../lib/gcc/avr/4.3.3/avr51\libgcc.a(_divmodhi4.o)
                              i2c.o (__divmodhi4)
c:/winavr-20100110/bin/../lib/gcc/avr/4.3.3/avr51\libgcc.a(_exit.o)
                              c:/winavr-20100110/bin/../lib/gcc/avr/4.3.3/../../../../avr/lib/avr51/crtm1284p.o (exit)
c:/winavr-20100110/bin/../lib/gcc/avr/4.3.3/avr51\libgcc.a(_clear_bss.o)
                              main.o (__do_clear_bss)
c:/winavr-20100110/bin/../lib/gcc/avr/4.3.3/avr51\libgcc.a(_udivmodhi4.o)
                              c:/winavr-20100110/bin/../lib/gcc/avr/4.3.3/avr51\libgcc.a(_divmodhi4.o) (__udivmodhi4)

Allocating common symbols
Common symbol       size              file

eflag               0x1               emergency.o
__uartbuf           0x12              uart.o

Memory Configuration

Name             Origin             Length             Attributes
text             0x00000000         0x00020000         xr
data             0x00800060         0x0000ffa0         rw !x
eeprom           0x00810000         0x00010000         rw !x
fuse             0x00820000         0x00000400         rw !x
lock             0x00830000         0x00000400         rw !x
signature        0x00840000         0x00000400         rw !x
*default*        0x00000000         0xffffffff

Linker script and memory map

Address of section .data set to 0x800100
LOAD c:/winavr-20100110/bin/../lib/gcc/avr/4.3.3/../../../../avr/lib/avr51/crtm1284p.o
LOAD main.o
LOAD remote_control_rx.o
LOAD mu2.o
LOAD uart.o
LOAD ringbuffer.o
LOAD i2c.o
LOAD led.o
LOAD wait.o
LOAD actuater.o
LOAD switch.o
LOAD beep.o
LOAD emergency.o
LOAD c:/winavr-20100110/bin/../lib/gcc/avr/4.3.3/avr51\libgcc.a
LOAD c:/winavr-20100110/bin/../lib/gcc/avr/4.3.3/../../../../avr/lib/avr51\libc.a
LOAD c:/winavr-20100110/bin/../lib/gcc/avr/4.3.3/avr51\libgcc.a

.hash
 *(.hash)

.dynsym
 *(.dynsym)

.dynstr
 *(.dynstr)

.gnu.version
 *(.gnu.version)

.gnu.version_d
 *(.gnu.version_d)

.gnu.version_r
 *(.gnu.version_r)

.rel.init
 *(.rel.init)

.rela.init
 *(.rela.init)

.rel.text
 *(.rel.text)
 *(.rel.text.*)
 *(.rel.gnu.linkonce.t*)

.rela.text
 *(.rela.text)
 *(.rela.text.*)
 *(.rela.gnu.linkonce.t*)

.rel.fini
 *(.rel.fini)

.rela.fini
 *(.rela.fini)

.rel.rodata
 *(.rel.rodata)
 *(.rel.rodata.*)
 *(.rel.gnu.linkonce.r*)

.rela.rodata
 *(.rela.rodata)
 *(.rela.rodata.*)
 *(.rela.gnu.linkonce.r*)

.rel.data
 *(.rel.data)
 *(.rel.data.*)
 *(.rel.gnu.linkonce.d*)

.rela.data
 *(.rela.data)
 *(.rela.data.*)
 *(.rela.gnu.linkonce.d*)

.rel.ctors
 *(.rel.ctors)

.rela.ctors
 *(.rela.ctors)

.rel.dtors
 *(.rel.dtors)

.rela.dtors
 *(.rela.dtors)

.rel.got
 *(.rel.got)

.rela.got
 *(.rela.got)

.rel.bss
 *(.rel.bss)

.rela.bss
 *(.rela.bss)

.rel.plt
 *(.rel.plt)

.rela.plt
 *(.rela.plt)

.text           0x00000000     0x1c50
 *(.vectors)
 .vectors       0x00000000       0x8c c:/winavr-20100110/bin/../lib/gcc/avr/4.3.3/../../../../avr/lib/avr51/crtm1284p.o
                0x00000000                __vectors
                0x00000000                __vector_default
 *(.vectors)
 *(.progmem.gcc*)
 *(.progmem*)
                0x0000008c                . = ALIGN (0x2)
                0x0000008c                __trampolines_start = .
 *(.trampolines)
 .trampolines   0x0000008c        0x0 linker stubs
 *(.trampolines*)
                0x0000008c                __trampolines_end = .
 *(.jumptables)
 *(.jumptables*)
 *(.lowtext)
 *(.lowtext*)
                0x0000008c                __ctors_start = .
 *(.ctors)
                0x0000008c                __ctors_end = .
                0x0000008c                __dtors_start = .
 *(.dtors)
                0x0000008c                __dtors_end = .
 SORT(*)(.ctors)
 SORT(*)(.dtors)
 *(.init0)
 .init0         0x0000008c        0x0 c:/winavr-20100110/bin/../lib/gcc/avr/4.3.3/../../../../avr/lib/avr51/crtm1284p.o
                0x0000008c                __init
 *(.init0)
 *(.init1)
 *(.init1)
 *(.init2)
 .init2         0x0000008c        0xc c:/winavr-20100110/bin/../lib/gcc/avr/4.3.3/../../../../avr/lib/avr51/crtm1284p.o
 *(.init2)
 *(.init3)
 *(.init3)
 *(.init4)
 .init4         0x00000098       0x1a c:/winavr-20100110/bin/../lib/gcc/avr/4.3.3/../../../../avr/lib/avr51/crtm1284p.o
                0x00000098                __do_copy_data
 .init4         0x000000b2       0x10 c:/winavr-20100110/bin/../lib/gcc/avr/4.3.3/avr51\libgcc.a(_clear_bss.o)
                0x000000b2                __do_clear_bss
 *(.init4)
 *(.init5)
 *(.init5)
 *(.init6)
 *(.init6)
 *(.init7)
 *(.init7)
 *(.init8)
 *(.init8)
 *(.init9)
 .init9         0x000000c2        0x8 c:/winavr-20100110/bin/../lib/gcc/avr/4.3.3/../../../../avr/lib/avr51/crtm1284p.o
 *(.init9)
 *(.text)
 .text          0x000000ca        0x4 c:/winavr-20100110/bin/../lib/gcc/avr/4.3.3/../../../../avr/lib/avr51/crtm1284p.o
                0x000000ca                __vector_22
                0x000000ca                __vector_1
                0x000000ca                __vector_32
                0x000000ca                __vector_34
                0x000000ca                __vector_24
                0x000000ca                __vector_12
                0x000000ca                __bad_interrupt
                0x000000ca                __vector_6
                0x000000ca                __vector_31
                0x000000ca                __vector_3
                0x000000ca                __vector_23
                0x000000ca                __vector_30
                0x000000ca                __vector_25
                0x000000ca                __vector_11
                0x000000ca                __vector_13
                0x000000ca                __vector_17
                0x000000ca                __vector_19
                0x000000ca                __vector_7
                0x000000ca                __vector_27
                0x000000ca                __vector_5
                0x000000ca                __vector_33
                0x000000ca                __vector_4
                0x000000ca                __vector_9
                0x000000ca                __vector_2
                0x000000ca                __vector_15
                0x000000ca                __vector_8
                0x000000ca                __vector_26
                0x000000ca                __vector_14
                0x000000ca                __vector_10
                0x000000ca                __vector_16
                0x000000ca                __vector_18
 .text          0x000000ce      0x692 main.o
                0x000000ce                main
 .text          0x00000760      0x182 remote_control_rx.o
                0x00000760                Toggle_RC_Rx_Buffer
                0x000007ae                __vector_20
 .text          0x000008e2      0x270 mu2.o
                0x000008e2                Byte2Str
                0x00000a42                mu2_command_eeprom
                0x0000093e                mu2_command
 .text          0x00000b52      0x516 uart.o
                0x00000ffc                __vector_28
                0x00000b52                uart_init
                0x00000cde                uart0_getchar
                0x00000db8                uart0_buf_putchar
                0x00000d4a                uart1_putchar
                0x00000e32                uart1_buf_putchar
                0x00000eac                __vector_21
                0x00000f54                __vector_29
                0x00000d0a                uart0_putchar
                0x00000c78                uart_setbuffer
 .text          0x00001068      0x1da ringbuffer.o
                0x000010c4                RingPut
                0x00001068                RingInit
                0x0000116a                RingGet
                0x00001220                isRingEmpty
 .text          0x00001242      0x47a i2c.o
                0x000013b4                i2cRead
                0x00001242                initI2CMaster
                0x000012b0                i2cWrite
                0x00001508                i2cReadWithCommand
 .text          0x000016bc       0x9e led.o
                0x00001730                LEDInit
                0x000016bc                LED
 .text          0x0000175a      0x114 wait.o
                0x000017f6                wait_us
                0x0000175a                wait_ms
 .text          0x0000186e      0x130 actuater.o
                0x0000195a                aDrive
                0x000018f4                mAngle
                0x0000186e                mDrive
 .text          0x0000199e       0xa6 switch.o
                0x000019c8                Switch
                0x00001a2c                Channel
                0x00001a10                Group
                0x0000199e                SwitchInit
 .text          0x00001a44       0xba beep.o
                0x00001a94                BeepInit
                0x00001abe                i2cCheck
                0x00001a44                beep
 .text          0x00001afe      0x100 emergency.o
                0x00001bda                EmergencyStatus
                0x00001afe                Emergency
 .text          0x00001bfe        0x0 c:/winavr-20100110/bin/../lib/gcc/avr/4.3.3/avr51\libgcc.a(_divmodhi4.o)
 .text          0x00001bfe        0x0 c:/winavr-20100110/bin/../lib/gcc/avr/4.3.3/avr51\libgcc.a(_exit.o)
 .text          0x00001bfe        0x0 c:/winavr-20100110/bin/../lib/gcc/avr/4.3.3/avr51\libgcc.a(_clear_bss.o)
 .text          0x00001bfe        0x0 c:/winavr-20100110/bin/../lib/gcc/avr/4.3.3/avr51\libgcc.a(_udivmodhi4.o)
                0x00001bfe                . = ALIGN (0x2)
 *(.text.*)
 .text.libgcc   0x00001bfe       0x26 c:/winavr-20100110/bin/../lib/gcc/avr/4.3.3/avr51\libgcc.a(_divmodhi4.o)
                0x00001bfe                __divmodhi4
                0x00001bfe                _div
 .text.libgcc   0x00001c24        0x0 c:/winavr-20100110/bin/../lib/gcc/avr/4.3.3/avr51\libgcc.a(_exit.o)
 .text.libgcc   0x00001c24        0x0 c:/winavr-20100110/bin/../lib/gcc/avr/4.3.3/avr51\libgcc.a(_clear_bss.o)
 .text.libgcc   0x00001c24       0x28 c:/winavr-20100110/bin/../lib/gcc/avr/4.3.3/avr51\libgcc.a(_udivmodhi4.o)
                0x00001c24                __udivmodhi4
                0x00001c4c                . = ALIGN (0x2)
 *(.fini9)
 .fini9         0x00001c4c        0x0 c:/winavr-20100110/bin/../lib/gcc/avr/4.3.3/avr51\libgcc.a(_exit.o)
                0x00001c4c                exit
                0x00001c4c                _exit
 *(.fini9)
 *(.fini8)
 *(.fini8)
 *(.fini7)
 *(.fini7)
 *(.fini6)
 *(.fini6)
 *(.fini5)
 *(.fini5)
 *(.fini4)
 *(.fini4)
 *(.fini3)
 *(.fini3)
 *(.fini2)
 *(.fini2)
 *(.fini1)
 *(.fini1)
 *(.fini0)
 .fini0         0x00001c4c        0x4 c:/winavr-20100110/bin/../lib/gcc/avr/4.3.3/avr51\libgcc.a(_exit.o)
 *(.fini0)
                0x00001c50                _etext = .

.data           0x00800100       0x34 load address 0x00001c50
                0x00800100                PROVIDE (__data_start, .)
 *(.data)
 .data          0x00800100        0x0 c:/winavr-20100110/bin/../lib/gcc/avr/4.3.3/../../../../avr/lib/avr51/crtm1284p.o
 .data          0x00800100       0x1e main.o
 .data          0x0080011e        0x4 remote_control_rx.o
 .data          0x00800122       0x10 mu2.o
 .data          0x00800132        0x0 uart.o
 .data          0x00800132        0x0 ringbuffer.o
 .data          0x00800132        0x0 i2c.o
 .data          0x00800132        0x0 led.o
 .data          0x00800132        0x0 wait.o
 .data          0x00800132        0x0 actuater.o
 .data          0x00800132        0x0 switch.o
 .data          0x00800132        0x1 beep.o
 .data          0x00800133        0x0 emergency.o
 .data          0x00800133        0x0 c:/winavr-20100110/bin/../lib/gcc/avr/4.3.3/avr51\libgcc.a(_divmodhi4.o)
 .data          0x00800133        0x0 c:/winavr-20100110/bin/../lib/gcc/avr/4.3.3/avr51\libgcc.a(_exit.o)
 .data          0x00800133        0x0 c:/winavr-20100110/bin/../lib/gcc/avr/4.3.3/avr51\libgcc.a(_clear_bss.o)
 .data          0x00800133        0x0 c:/winavr-20100110/bin/../lib/gcc/avr/4.3.3/avr51\libgcc.a(_udivmodhi4.o)
 *(.data*)
 *(.rodata)
 *(.rodata*)
 *(.gnu.linkonce.d*)
                0x00800134                . = ALIGN (0x2)
 *fill*         0x00800133        0x1 00
                0x00800134                _edata = .
                0x00800134                PROVIDE (__data_end, .)

.bss            0x00800134       0x68
                0x00800134                PROVIDE (__bss_start, .)
 *(.bss)
 .bss           0x00800134        0x0 c:/winavr-20100110/bin/../lib/gcc/avr/4.3.3/../../../../avr/lib/avr51/crtm1284p.o
 .bss           0x00800134       0x24 main.o
 .bss           0x00800158       0x24 remote_control_rx.o
 .bss           0x0080017c        0xb mu2.o
 .bss           0x00800187        0x1 uart.o
 .bss           0x00800188        0x0 ringbuffer.o
 .bss           0x00800188        0x1 i2c.o
 .bss           0x00800189        0x0 led.o
 .bss           0x00800189        0x0 wait.o
 .bss           0x00800189        0x0 actuater.o
 .bss           0x00800189        0x0 switch.o
 .bss           0x00800189        0x0 beep.o
 .bss           0x00800189        0x0 emergency.o
 .bss           0x00800189        0x0 c:/winavr-20100110/bin/../lib/gcc/avr/4.3.3/avr51\libgcc.a(_divmodhi4.o)
 .bss           0x00800189        0x0 c:/winavr-20100110/bin/../lib/gcc/avr/4.3.3/avr51\libgcc.a(_exit.o)
 .bss           0x00800189        0x0 c:/winavr-20100110/bin/../lib/gcc/avr/4.3.3/avr51\libgcc.a(_clear_bss.o)
 .bss           0x00800189        0x0 c:/winavr-20100110/bin/../lib/gcc/avr/4.3.3/avr51\libgcc.a(_udivmodhi4.o)
 *(.bss*)
 *(COMMON)
 COMMON         0x00800189       0x12 uart.o
                0x00800189                __uartbuf
 COMMON         0x0080019b        0x1 emergency.o
                0x0080019b                eflag
                0x0080019c                PROVIDE (__bss_end, .)
                0x00001c50                __data_load_start = LOADADDR (.data)
                0x00001c84                __data_load_end = (__data_load_start + SIZEOF (.data))

.noinit         0x0080019c        0x0
                0x0080019c                PROVIDE (__noinit_start, .)
 *(.noinit*)
                0x0080019c                PROVIDE (__noinit_end, .)
                0x0080019c                _end = .
                0x0080019c                PROVIDE (__heap_start, .)

.eeprom         0x00810000        0x0
 *(.eeprom*)
                0x00810000                __eeprom_end = .

.fuse
 *(.fuse)
 *(.lfuse)
 *(.hfuse)
 *(.efuse)

.lock
 *(.lock*)

.signature
 *(.signature*)

.stab
 *(.stab)

.stabstr
 *(.stabstr)

.stab.excl
 *(.stab.excl)

.stab.exclstr
 *(.stab.exclstr)

.stab.index
 *(.stab.index)

.stab.indexstr
 *(.stab.indexstr)

.comment
 *(.comment)

.debug
 *(.debug)

.line
 *(.line)

.debug_srcinfo
 *(.debug_srcinfo)

.debug_sfnames
 *(.debug_sfnames)

.debug_aranges  0x00000000      0x180
 *(.debug_aranges)
 .debug_aranges
                0x00000000       0x20 main.o
 .debug_aranges
                0x00000020       0x20 remote_control_rx.o
 .debug_aranges
                0x00000040       0x20 mu2.o
 .debug_aranges
                0x00000060       0x20 uart.o
 .debug_aranges
                0x00000080       0x20 ringbuffer.o
 .debug_aranges
                0x000000a0       0x20 i2c.o
 .debug_aranges
                0x000000c0       0x20 led.o
 .debug_aranges
                0x000000e0       0x20 wait.o
 .debug_aranges
                0x00000100       0x20 actuater.o
 .debug_aranges
                0x00000120       0x20 switch.o
 .debug_aranges
                0x00000140       0x20 beep.o
 .debug_aranges
                0x00000160       0x20 emergency.o

.debug_pubnames
                0x00000000      0x341
 *(.debug_pubnames)
 .debug_pubnames
                0x00000000       0x1b main.o
 .debug_pubnames
                0x0000001b       0x3a remote_control_rx.o
 .debug_pubnames
                0x00000055       0x46 mu2.o
 .debug_pubnames
                0x0000009b       0xd3 uart.o
 .debug_pubnames
                0x0000016e       0x47 ringbuffer.o
 .debug_pubnames
                0x000001b5       0x54 i2c.o
 .debug_pubnames
                0x00000209       0x26 led.o
 .debug_pubnames
                0x0000022f       0x2a wait.o
 .debug_pubnames
                0x00000259       0x33 actuater.o
 .debug_pubnames
                0x0000028c       0x42 switch.o
 .debug_pubnames
                0x000002ce       0x35 beep.o
 .debug_pubnames
                0x00000303       0x3e emergency.o

.debug_info     0x00000000     0x14fe
 *(.debug_info)
 .debug_info    0x00000000      0x3cd main.o
 .debug_info    0x000003cd      0x31a remote_control_rx.o
 .debug_info    0x000006e7      0x17c mu2.o
 .debug_info    0x00000863      0x2db uart.o
 .debug_info    0x00000b3e      0x17b ringbuffer.o
 .debug_info    0x00000cb9      0x1e9 i2c.o
 .debug_info    0x00000ea2       0xae led.o
 .debug_info    0x00000f50       0xc7 wait.o
 .debug_info    0x00001017      0x1c0 actuater.o
 .debug_info    0x000011d7       0xe2 switch.o
 .debug_info    0x000012b9       0xd8 beep.o
 .debug_info    0x00001391      0x16d emergency.o
 *(.gnu.linkonce.wi.*)

.debug_abbrev   0x00000000      0x99d
 *(.debug_abbrev)
 .debug_abbrev  0x00000000      0x11f main.o
 .debug_abbrev  0x0000011f      0x11b remote_control_rx.o
 .debug_abbrev  0x0000023a       0xbf mu2.o
 .debug_abbrev  0x000002f9      0x13c uart.o
 .debug_abbrev  0x00000435       0xd0 ringbuffer.o
 .debug_abbrev  0x00000505       0xe9 i2c.o
 .debug_abbrev  0x000005ee       0x65 led.o
 .debug_abbrev  0x00000653       0x81 wait.o
 .debug_abbrev  0x000006d4       0xd3 actuater.o
 .debug_abbrev  0x000007a7       0x8d switch.o
 .debug_abbrev  0x00000834       0x83 beep.o
 .debug_abbrev  0x000008b7       0xe6 emergency.o

.debug_line     0x00000000     0x1537
 *(.debug_line)
 .debug_line    0x00000000      0x3fb main.o
 .debug_line    0x000003fb      0x1c3 remote_control_rx.o
 .debug_line    0x000005be      0x1da mu2.o
 .debug_line    0x00000798      0x330 uart.o
 .debug_line    0x00000ac8      0x156 ringbuffer.o
 .debug_line    0x00000c1e      0x305 i2c.o
 .debug_line    0x00000f23       0xa1 led.o
 .debug_line    0x00000fc4      0x121 wait.o
 .debug_line    0x000010e5      0x143 actuater.o
 .debug_line    0x00001228       0xd7 switch.o
 .debug_line    0x000012ff       0xd3 beep.o
 .debug_line    0x000013d2      0x165 emergency.o

.debug_frame    0x00000000      0x340
 *(.debug_frame)
 .debug_frame   0x00000000       0x20 main.o
 .debug_frame   0x00000020       0x30 remote_control_rx.o
 .debug_frame   0x00000050       0x40 mu2.o
 .debug_frame   0x00000090       0xb0 uart.o
 .debug_frame   0x00000140       0x50 ringbuffer.o
 .debug_frame   0x00000190       0x50 i2c.o
 .debug_frame   0x000001e0       0x30 led.o
 .debug_frame   0x00000210       0x30 wait.o
 .debug_frame   0x00000240       0x40 actuater.o
 .debug_frame   0x00000280       0x50 switch.o
 .debug_frame   0x000002d0       0x40 beep.o
 .debug_frame   0x00000310       0x30 emergency.o

.debug_str      0x00000000      0x52d
 *(.debug_str)
 .debug_str     0x00000000      0x165 main.o
                                0x1a0 (size before relaxing)
 .debug_str     0x00000165       0x7a remote_control_rx.o
                                0x190 (size before relaxing)
 .debug_str     0x000001df       0x46 mu2.o
                                 0xf3 (size before relaxing)
 .debug_str     0x00000225       0xf4 uart.o
                                0x1c2 (size before relaxing)
 .debug_str     0x00000319       0x4d ringbuffer.o
                                 0xb7 (size before relaxing)
 .debug_str     0x00000366       0x51 i2c.o
                                0x12d (size before relaxing)
 .debug_str     0x000003b7       0x27 led.o
                                 0xd4 (size before relaxing)
 .debug_str     0x000003de       0x30 wait.o
                                 0xd8 (size before relaxing)
 .debug_str     0x0000040e       0x5d actuater.o
                                 0xeb (size before relaxing)
 .debug_str     0x0000046b       0x3e switch.o
                                 0xf2 (size before relaxing)
 .debug_str     0x000004a9       0x36 beep.o
                                 0xe1 (size before relaxing)
 .debug_str     0x000004df       0x4e emergency.o
                                0x11c (size before relaxing)

.debug_loc
 *(.debug_loc)

.debug_macinfo
 *(.debug_macinfo)
OUTPUT(ROBOS2.elf elf32-avr)
LOAD linker stubs
